[
{"hash":"9b1aff905b638aa274a5fc8f88662df446d374bd","header":"fix(category:subcategory): My subject","body":"This is my commit body.\nFixed #13233","footer":"BREAKING NEWS: A lot of changes!\nClose #10036, Closes #10000\nfix #9338","notes":[{"title":"BREAKING NEWS","text":"A lot of changes!"}],"closes":[10036,9338],"type":"fix","scope":"category:subcategory","subject":"My su"}
]
